version https://git-lfs.github.com/spec/v1
oid sha256:a6230deecbba1409725d4a38e44ce0e1b1da9380098bf2748777918a8af3464d
size 1101
