version https://git-lfs.github.com/spec/v1
oid sha256:57d135397a3fe6ae821d0bea22e251c2a8c185e00fce4caa129e869533f23468
size 2266
